// Vitest Snapshot v1, https://vitest.dev/guide/snapshot.html

exports[`plumeria/1 vectors > is frozen for {"date":"1991-03-22","seed":"1991-03-22"} 1`] = `"577964c099844fd4"`;

exports[`plumeria/1 vectors > is frozen for {"date":"2000-01-21","seed":"2000-01-21"} 1`] = `"7de3342c6319013e"`;

exports[`plumeria/1 vectors > is frozen for {"seed":"2026-06-14","bloom":true} 1`] = `"ae87e50e14b50212"`;

exports[`plumeria/1 vectors > is frozen for {"seed":"2026-06-14","glow":true} 1`] = `"a424d6fa1a6bb36c"`;

exports[`plumeria/1 vectors > is frozen for {"seed":"2026-06-14","theme":"dark"} 1`] = `"4606a0e8711a352b"`;

exports[`plumeria/1 vectors > is frozen for {"seed":"2026-06-14"} 1`] = `"b1857ec778039ff8"`;

exports[`plumeria/1 vectors > is frozen for {"seed":"hello"} 1`] = `"d56f52200c741d72"`;
